[   53033ms] [ERROR] Failed to load resource: net::ERR_FAILED @ chrome://favicon2/?size=16&scaleFactor=2x&pageUrl=https%3A%2F%2Fgithub.com%2Flazycatzzzzz%2Fpersonal-website&allowGoogleServerFallback=0&forceLightMode=true&forceEmptyDefaultFavicon=1:0
[   57264ms] [ERROR] Failed to load resource: net::ERR_NAME_NOT_RESOLVED @ https://www.googleadservices.com/pagead/conversion/16521530460/?gad_source=1&adview_type=1&adview_query_id=CJ3Nisj42pQDFQfNFgUdFeQtYA:0
[   57793ms] [ERROR] Failed to load resource: net::ERR_NAME_NOT_RESOLVED @ https://www.googleadservices.com/pagead/conversion/16521530460/?gad_source=1&adview_type=1&adview_query_id=CJ3Nisj42pQDFQfNFgUdFeQtYA:0
[   57999ms] [ERROR] Failed to load resource: net::ERR_NAME_NOT_RESOLVED @ https://www.googletagmanager.com/gtm.js?id=GTM-16521530460&preconnect=1&type=8&qid=CJ3Nisj42pQDFQfNFgUdFeQtYA:0
[   57999ms] [ERROR] Failed to load resource: net::ERR_NAME_NOT_RESOLVED @ https://www.googletagmanager.com/gtag/js?id=AW-16521530460&preconnect=1&type=7&qid=CJ3Nisj42pQDFQfNFgUdFeQtYA:0
[   58648ms] [WARNING] A speculation rule set was inserted into the document but will be ignored. This might happen, for example, if it was previously inserted into another document, or if it was created using the innerHTML setter. @ https://www.google.com/search?q=%E5%BE%AE%E4%BF%A1%E6%94%AF%E4%BB%98&oq=%E5%BE%AE%E4%BF%A1%E6%94%AF%E4%BB%98&gs_lcrp=EgZjaHJvbWUqCggAEAAY4wIYgAQyCggAEAAY4wIYgAQyDQgBEC4YxwEY0QMYgAQyBwgCEAAYgAQyBwgDEAAYgAQyBwgEEAAYgAQyBwgFEAAYgAQyBwgGEAAYgAQyBwgHEAAYgAQyBwgIEAAYgAQyBwgJEAAYgATSAQk0MTA5ajBqMTWoAgCwAgE&sourceid=chrome&ie=UTF-8&source=chrome.rb&sei=KakXaqabM4WJosUPp86KoQ4:33
[   59618ms] [VERBOSE] [DOM] Input elements should have autocomplete attributes (suggested: "current-password"): (More info: https://goo.gl/9p2vKq) %o @ https://pay.weixin.qq.com/:0
[   81613ms] [ERROR] Failed to load resource: net::ERR_NAME_NOT_RESOLVED @ https://log.wechatpay.cn/xdc/xmtpayreport/report/resource:0
[   81613ms] [ERROR] Failed to load resource: net::ERR_NAME_NOT_RESOLVED @ https://log.wechatpay.cn/xdc/xmtpayreport/report/resource:0
[   81614ms] [ERROR] Failed to load resource: net::ERR_NAME_NOT_RESOLVED @ https://log.wechatpay.cn/xdc/xmtpayreport/report/resource:0
[   82035ms] [ERROR] Failed to load resource: net::ERR_NAME_NOT_RESOLVED @ https://log.wechatpay.cn/xdc/xmtpayreport/report/resource:0
[   82035ms] [ERROR] Failed to load resource: net::ERR_NAME_NOT_RESOLVED @ https://log.wechatpay.cn/xdc/xmtpayreport/report/resource:0
[   82579ms] [ERROR] Failed to load resource: net::ERR_NAME_NOT_RESOLVED @ https://log.wechatpay.cn/xdc/xmtpayreport/report/resource:0
[   83900ms] [ERROR] Failed to load resource: net::ERR_NAME_NOT_RESOLVED @ https://log.wechatpay.cn/xdc/xmtpayreport/report/env:0
[   83901ms] [ERROR] Failed to load resource: net::ERR_NAME_NOT_RESOLVED @ https://log.wechatpay.cn/xdc/xmtpayreport/report/action:0
[   83901ms] [ERROR] Failed to load resource: net::ERR_NAME_NOT_RESOLVED @ https://log.wechatpay.cn/xdc/sdkreport/report/logerror:0
[   83901ms] [ERROR] Failed to load resource: net::ERR_NAME_NOT_RESOLVED @ https://log.wechatpay.cn/xdc/xmtpayreport/report/performance:0
[   86400ms] [ERROR] Failed to load resource: net::ERR_NAME_NOT_RESOLVED @ https://log.wechatpay.cn/xdc/xmtpayreport/report/resource:0
[   93721ms] [ERROR] Failed to load resource: net::ERR_NAME_NOT_RESOLVED @ https://log.wechatpay.cn/xdc/xmtpayreport/report/log:0
[   98499ms] [ERROR] Failed to load resource: net::ERR_NAME_NOT_RESOLVED @ https://log.wechatpay.cn/xdc/xmtpayreport/report/action:0
[   98499ms] [ERROR] Failed to load resource: net::ERR_NAME_NOT_RESOLVED @ https://log.wechatpay.cn/xdc/xmtpayreport/report/performance:0
[   98499ms] [ERROR] Failed to load resource: net::ERR_NAME_NOT_RESOLVED @ https://log.wechatpay.cn/xdc/xmtpayreport/report/env:0
[   98500ms] [ERROR] Failed to load resource: net::ERR_NAME_NOT_RESOLVED @ https://log.wechatpay.cn/xdc/xmtpayreport/report/log:0
[   98500ms] [ERROR] Failed to load resource: net::ERR_NAME_NOT_RESOLVED @ https://log.wechatpay.cn/xdc/xmtpayreport/report/resource:0
[   99355ms] [ERROR] Failed to load resource: net::ERR_NAME_NOT_RESOLVED @ https://log.wechatpay.cn/xdc/mchbasicwebappreport/report/resource/26537:0
[   99356ms] [ERROR] Failed to load resource: net::ERR_NAME_NOT_RESOLVED @ https://log.wechatpay.cn/xdc/mchbasicwebappreport/report/resource/26537:0
[   99356ms] [ERROR] Failed to load resource: net::ERR_NAME_NOT_RESOLVED @ https://log.wechatpay.cn/xdc/mchbasicwebappreport/report/resource/26537:0
[  100504ms] [WARNING] origin : https://pay.weixin.qq.com , is not legal @ https://fe_monitor.cdn-go.cn/xmonitor-sdk/web-1.1.11/monitor.ie.min.js:16
[  102767ms] [ERROR] Failed to load resource: net::ERR_NAME_NOT_RESOLVED @ https://log.wechatpay.cn/xdc/xmtpayreport/report/resource:0
[  102767ms] [ERROR] Failed to load resource: net::ERR_NAME_NOT_RESOLVED @ https://log.wechatpay.cn/xdc/xmtpayreport/report/resource:0
[  103235ms] [ERROR] Failed to load resource: net::ERR_NAME_NOT_RESOLVED @ https://log.wechatpay.cn/xdc/xmtpayreport/report/resource:0
[  103235ms] [ERROR] Failed to load resource: net::ERR_NAME_NOT_RESOLVED @ https://log.wechatpay.cn/xdc/xmtpayreport/report/resource:0
[  104581ms] [ERROR] Failed to load resource: net::ERR_NAME_NOT_RESOLVED @ https://badjs.weixinbridge.com/badjs?id=132&uin=NaN&msg[0]=ResizeObserver%20loop%20completed%20with%20undelivered%20notifications.&target[0]=https%3A%2F%2Fpay.weixin.qq.com%2Findex.php%2Fxphp%2Fcfund_bill_nc%2Ffunds_bill_nc%23%2F&rowNum[0]=0&colNum[0]=0&from[0]=https%3A%2F%2Fpay.weixin.qq.com%2Findex.php%2Fxphp%2Fcfund_bill_nc%2Ffunds_bill_nc%23%2F&level[0]=2&msg[1]=ResizeObserver%20loop%20completed%20with%20undelivered%20notifications.&target[1]=https%3A%2F%2Fpay.weixin.qq.com%2Findex.php%2Fxphp%2Fcfund_bill_nc%2Ffunds_bill_nc%23%2F&rowNum[1]=0&colNum[1]=0&from[1]=https%3A%2F%2Fpay.weixin.qq.com%2Findex.php%2Fxphp%2Fcfund_bill_nc%2Ffunds_bill_nc%23%2F&level[1]=4&count=2&_t=1779935578159:0
[  105751ms] [ERROR] Failed to load resource: net::ERR_NAME_NOT_RESOLVED @ https://log.wechatpay.cn/xdc/xmtpayreport/report/env:0
[  105751ms] [ERROR] Failed to load resource: net::ERR_NAME_NOT_RESOLVED @ https://log.wechatpay.cn/xdc/xmtpayreport/report/performance:0
[  105751ms] [ERROR] Failed to load resource: net::ERR_NAME_NOT_RESOLVED @ https://log.wechatpay.cn/xdc/sdkreport/report/logerror:0
[  106223ms] [ERROR] Failed to load resource: net::ERR_NAME_NOT_RESOLVED @ https://log.wechatpay.cn/xdc/xmtpayreport/report/action:0
[  106224ms] [ERROR] Failed to load resource: net::ERR_NAME_NOT_RESOLVED @ https://log.wechatpay.cn/xdc/xmtpayreport/report/log:0
[  106875ms] [ERROR] Failed to load resource: net::ERR_NAME_NOT_RESOLVED @ https://log.wechatpay.cn/xdc/xmtpayreport/report/resource:0
[  111453ms] [WARNING] The resource https://wx.gtimg.com/third/jquery/jquery-1.7.min.js was preloaded using link preload but not used within a few seconds from the window's load event. Please make sure it has an appropriate `as` value and it is preloaded intentionally. @ https://pay.weixin.qq.com/index.php/xphp/cfund_bill_nc/funds_bill_nc#/:0
[  111715ms] [ERROR] Failed to load resource: net::ERR_NAME_NOT_RESOLVED @ https://log.wechatpay.cn/xdc/xmtpayreport/report/resource:0
[  114688ms] [ERROR] Failed to load resource: net::ERR_NAME_NOT_RESOLVED @ https://log.wechatpay.cn/xdc/xmtpayreport/report/action:0
[  114688ms] [ERROR] Failed to load resource: net::ERR_NAME_NOT_RESOLVED @ https://log.wechatpay.cn/xdc/xmtpayreport/report/performance:0
[  114689ms] [ERROR] Failed to load resource: net::ERR_NAME_NOT_RESOLVED @ https://log.wechatpay.cn/xdc/xmtpayreport/report/env:0
[  114689ms] [ERROR] Failed to load resource: net::ERR_NAME_NOT_RESOLVED @ https://log.wechatpay.cn/xdc/xmtpayreport/report/log:0
[  114689ms] [ERROR] Failed to load resource: net::ERR_NAME_NOT_RESOLVED @ https://log.wechatpay.cn/xdc/xmtpayreport/report/resource:0
[  115386ms] [ERROR] Failed to load resource: net::ERR_NAME_NOT_RESOLVED @ https://log.wechatpay.cn/xdc/xmtpayreport/report/resource:0
[  115386ms] [ERROR] Failed to load resource: net::ERR_NAME_NOT_RESOLVED @ https://log.wechatpay.cn/xdc/xmtpayreport/report/resource:0
[  115386ms] [ERROR] Failed to load resource: net::ERR_NAME_NOT_RESOLVED @ https://log.wechatpay.cn/xdc/xmtpayreport/report/resource:0
[  118379ms] [ERROR] Failed to load resource: net::ERR_NAME_NOT_RESOLVED @ https://log.wechatpay.cn/xdc/xmtpayreport/report/env:0
[  118380ms] [ERROR] Failed to load resource: net::ERR_NAME_NOT_RESOLVED @ https://log.wechatpay.cn/xdc/sdkreport/report/logerror:0
[  118380ms] [ERROR] Failed to load resource: net::ERR_NAME_NOT_RESOLVED @ https://log.wechatpay.cn/xdc/xmtpayreport/report/performance:0
[  118380ms] [ERROR] Failed to load resource: net::ERR_NAME_NOT_RESOLVED @ https://log.wechatpay.cn/xdc/xmtpayreport/report/action:0
[  119959ms] [ERROR] Failed to load resource: net::ERR_NAME_NOT_RESOLVED @ https://log.wechatpay.cn/xdc/xmtpayreport/report/resource:0
[  119960ms] [ERROR] Failed to load resource: net::ERR_NAME_NOT_RESOLVED @ https://log.wechatpay.cn/xdc/xmtpayreport/report/action:0
[  119960ms] [ERROR] Failed to load resource: net::ERR_NAME_NOT_RESOLVED @ https://log.wechatpay.cn/xdc/xmtpayreport/report/performance:0
[  119960ms] [ERROR] Failed to load resource: net::ERR_NAME_NOT_RESOLVED @ https://log.wechatpay.cn/xdc/xmtpayreport/report/env:0
[  119960ms] [ERROR] Failed to load resource: net::ERR_NAME_NOT_RESOLVED @ https://log.wechatpay.cn/xdc/xmtpayreport/report/log:0
[  120481ms] [ERROR] Failed to load resource: net::ERR_NAME_NOT_RESOLVED @ https://log.wechatpay.cn/xdc/mchbasicwebappreport/report/resource/26537:0
[  120481ms] [ERROR] Failed to load resource: net::ERR_NAME_NOT_RESOLVED @ https://log.wechatpay.cn/xdc/mchbasicwebappreport/report/resource/26537:0
[  120482ms] [ERROR] Failed to load resource: net::ERR_NAME_NOT_RESOLVED @ https://log.wechatpay.cn/xdc/mchbasicwebappreport/report/resource/26537:0
[  121576ms] [WARNING] origin : https://pay.weixin.qq.com , is not legal @ https://fe_monitor.cdn-go.cn/xmonitor-sdk/web-1.1.11/monitor.ie.min.js:16
[  123482ms] [ERROR] Failed to load resource: net::ERR_NAME_NOT_RESOLVED @ https://log.wechatpay.cn/xdc/mchbasicwebappreport/report/env/26534:0
[  123483ms] [ERROR] Failed to load resource: net::ERR_NAME_NOT_RESOLVED @ https://log.wechatpay.cn/xdc/mchbasicwebappreport/report/action/26538:0
[  123484ms] [ERROR] Failed to load resource: net::ERR_NAME_NOT_RESOLVED @ https://log.wechatpay.cn/xdc/mchbasicwebappreport/report/log/26535:0
[  125269ms] [ERROR] Failed to load resource: net::ERR_NAME_NOT_RESOLVED @ https://log.wechatpay.cn/xdc/mchbasicwebappreport/report/resource/26537:0
